1
========

========
error:
  ┌─ tests/compiler/typecheck/case_exhaustiveness_boolean_2.kk:2:3
  │
2 │ ╭   \(true, true) => true
3 │ │   \(false, true) => false
  │ ╰─────────────────────────^ Non-exhaustive cases
  │
  = Missing case(s):

      \(true, false) => ...
      \(false, false) => ...
