---
source: tests/test_runner.rs
expression: stripped_actual_output.trim()
---
============
INPUT
============
export let foo : Int = 2

============
EXIT CODE
============
0

============
STDOUT
============


============
STDERR
============
