---
source: tests/test_runner.rs
expression: stripped_actual_output.trim()
---
============
INPUT
============
type Foo = #Bar(String)

let a : Foo = #Bar

============
EXIT CODE
============
1

============
STDOUT
============


============
STDERR
============
error:
  ┌─ tests/compiler/typecheck/enum_4.kk:3:15
  │
3 │ let a : Foo = #Bar
  │               ^^^^ Missing Payload
  │
  = This enum constructor requires a payload with the type of:

        String
