---
source: tests/test_runner.rs
expression: stripped_actual_output.trim()
---
============
INPUT
============
// Void enum (i.e. no constructor)
enum Void {

}

============
EXIT CODE
============
0

============
STDOUT
============


============
STDERR
============
