---
source: tests/test_runner.rs
expression: stripped_actual_output.trim()
---
============
INPUT
============
class Option<T> = some(T) | none

let<A, B> (o: Option<A>) .map (f: A -> B) : Option<B> =
  o .(
    \some(o) -> o .f .some
    \none -> none
 )

entry
  ~map("%${none !}%").print;
  ~map("%${some "hello world" !}%").print

============
EXIT CODE
============
0

============
STDOUT
============
none
some("%hello world%")

============
STDERR
============
