---
source: tests/test_runner.rs
expression: stripped_actual_output.trim()
---
============
INPUT
============
let foo = | x: Integer =>
  let x = x
  let x = x
  true

============
EXIT CODE
============
1

============
STDOUT
============


============
STDERR
============
error:
  ┌─ tests/compiler/typecheck/variable_shadowing_1.kk:3:7
  │
3 │   let x = x
  │       ^ Unused variable
  │
  = This variable is declared but not used anywhere, consider removing it.
