---
source: tests/test_runner.rs
expression: stripped_actual_output.trim()
---
============
INPUT
============
let a = { x 2 }
let foo = | _:Integer => "Hello"
let b = a.{ x.foo() } // expected Integer, got String

============
EXIT CODE
============
1

============
STDOUT
============


============
STDERR
============
error:
  ┌─ tests/compiler/typecheck/record_update_3.kk:3:13
  │
3 │ let b = a.{ x.foo() } // expected Integer, got String
  │             ^^^^^^^ Type mismatch
  │
  = +---------------+-------------+
    | EXPECTED TYPE | ACTUAL TYPE |
    +---------------+-------------+
    | - Integer     | + String    |
    +---------------+-------------+
