---
source: tests/test_runner.rs
expression: stripped_actual_output.trim()
---
============
INPUT
============
let and
  : | Boolean Boolean => Boolean
  = | true true => true
    | false true => false

============
EXIT CODE
============
1

============
STDOUT
============


============
STDERR
============
error:
  ┌─ tests/compiler/typecheck/case_exhaustiveness_boolean_2.kk:3:5
  │
3 │     = | true true => true
  │ ╭─────^
4 │ │     | false true => false
  │ ╰─────────────────────────^ Non-exhaustive cases
  │
  = Missing case(s):

      | true false => ...
      | false false => ...
