---
source: tests/test_runner.rs
expression: stripped_actual_output.trim()
---
============
INPUT
============
let foo
  : | String => String
  = | _ => "hello"
let foo<T>
  : | T => String
  = | _ => "hello"

============
EXIT CODE
============
1

============
STDOUT
============


============
STDERR
============
error:
  ┌─ tests/compiler/typecheck/single_dispatch_1.kk:4:5
  │
4 │ let foo<T>
  │     ^^^ Conflicting function definition
  │
  = The first parameter type of this `foo`:

        T

    overlaps with the first parameter type of another `foo` in this scope:

        String
